// Jest Snapshot v1, https://goo.gl/fbAQLP

exports[`SampleWebAppコンストラクタ スナップショットテスト 1`] = `
{
  "Outputs": {
    "SampleWebAppalbecsLoadBalancerDNS66A29E21": {
      "Value": {
        "Fn::GetAtt": [
          "SampleWebAppalbecsLB740FCA61",
          "DNSName",
        ],
      },
    },
    "SampleWebAppalbecsServiceURL5D495D4E": {
      "Value": {
        "Fn::Join": [
          "",
          [
            "http://",
            {
              "Fn::GetAtt": [
                "SampleWebAppalbecsLB740FCA61",
                "DNSName",
              ],
            },
          ],
        ],
      },
    },
  },
  "Parameters": {
    "BootstrapVersion": {
      "Default": "/cdk-bootstrap/hnb659fds/version",
      "Description": "Version of the CDK Bootstrap resources in this environment, automatically retrieved from SSM Parameter Store. [cdk:skip]",
      "Type": "AWS::SSM::Parameter::Value<String>",
    },
  },
  "Resources": {
    "EcsDefaultClusterMnL3mNNYN926A5246": {
      "Type": "AWS::ECS::Cluster",
    },
    "EcsDefaultClusterMnL3mNNYNVpc7788A521": {
      "Properties": {
        "CidrBlock": "10.0.0.0/16",
        "EnableDnsHostnames": true,
        "EnableDnsSupport": true,
        "InstanceTenancy": "default",
        "Tags": [
          {
            "Key": "Name",
            "Value": "Default/EcsDefaultClusterMnL3mNNYN/Vpc",
          },
        ],
      },
      "Type": "AWS::EC2::VPC",
    },
    "EcsDefaultClusterMnL3mNNYNVpcIGW9C2C2B8F": {
      "Properties": {
        "Tags": [
          {
            "Key": "Name",
            "Value": "Default/EcsDefaultClusterMnL3mNNYN/Vpc",
          },
        ],
      },
      "Type": "AWS::EC2::InternetGateway",
    },
    "EcsDefaultClusterMnL3mNNYNVpcPrivateSubnet1DefaultRouteA5ADF694": {
      "Properties": {
        "DestinationCidrBlock": "0.0.0.0/0",
        "NatGatewayId": {
          "Ref": "EcsDefaultClusterMnL3mNNYNVpcPublicSubnet1NATGateway5E3732C1",
        },
        "RouteTableId": {
          "Ref": "EcsDefaultClusterMnL3mNNYNVpcPrivateSubnet1RouteTable4F1D2E36",
        },
      },
      "Type": "AWS::EC2::Route",
    },
    "EcsDefaultClusterMnL3mNNYNVpcPrivateSubnet1RouteTable4F1D2E36": {
      "Properties": {
        "Tags": [
          {
            "Key": "Name",
            "Value": "Default/EcsDefaultClusterMnL3mNNYN/Vpc/PrivateSubnet1",
          },
        ],
        "VpcId": {
          "Ref": "EcsDefaultClusterMnL3mNNYNVpc7788A521",
        },
      },
      "Type": "AWS::EC2::RouteTable",
    },
    "EcsDefaultClusterMnL3mNNYNVpcPrivateSubnet1RouteTableAssociation34B92275": {
      "Properties": {
        "RouteTableId": {
          "Ref": "EcsDefaultClusterMnL3mNNYNVpcPrivateSubnet1RouteTable4F1D2E36",
        },
        "SubnetId": {
          "Ref": "EcsDefaultClusterMnL3mNNYNVpcPrivateSubnet1Subnet075EFF4C",
        },
      },
      "Type": "AWS::EC2::SubnetRouteTableAssociation",
    },
    "EcsDefaultClusterMnL3mNNYNVpcPrivateSubnet1Subnet075EFF4C": {
      "Properties": {
        "AvailabilityZone": {
          "Fn::Select": [
            0,
            {
              "Fn::GetAZs": "",
            },
          ],
        },
        "CidrBlock": "10.0.128.0/18",
        "MapPublicIpOnLaunch": false,
        "Tags": [
          {
            "Key": "aws-cdk:subnet-name",
            "Value": "Private",
          },
          {
            "Key": "aws-cdk:subnet-type",
            "Value": "Private",
          },
          {
            "Key": "Name",
            "Value": "Default/EcsDefaultClusterMnL3mNNYN/Vpc/PrivateSubnet1",
          },
        ],
        "VpcId": {
          "Ref": "EcsDefaultClusterMnL3mNNYNVpc7788A521",
        },
      },
      "Type": "AWS::EC2::Subnet",
    },
    "EcsDefaultClusterMnL3mNNYNVpcPrivateSubnet2DefaultRoute20CE2D89": {
      "Properties": {
        "DestinationCidrBlock": "0.0.0.0/0",
        "NatGatewayId": {
          "Ref": "EcsDefaultClusterMnL3mNNYNVpcPublicSubnet2NATGateway4C855E00",
        },
        "RouteTableId": {
          "Ref": "EcsDefaultClusterMnL3mNNYNVpcPrivateSubnet2RouteTableDCE46591",
        },
      },
      "Type": "AWS::EC2::Route",
    },
    "EcsDefaultClusterMnL3mNNYNVpcPrivateSubnet2RouteTableAssociation111C622F": {
      "Properties": {
        "RouteTableId": {
          "Ref": "EcsDefaultClusterMnL3mNNYNVpcPrivateSubnet2RouteTableDCE46591",
        },
        "SubnetId": {
          "Ref": "EcsDefaultClusterMnL3mNNYNVpcPrivateSubnet2SubnetE4CEDF73",
        },
      },
      "Type": "AWS::EC2::SubnetRouteTableAssociation",
    },
    "EcsDefaultClusterMnL3mNNYNVpcPrivateSubnet2RouteTableDCE46591": {
      "Properties": {
        "Tags": [
          {
            "Key": "Name",
            "Value": "Default/EcsDefaultClusterMnL3mNNYN/Vpc/PrivateSubnet2",
          },
        ],
        "VpcId": {
          "Ref": "EcsDefaultClusterMnL3mNNYNVpc7788A521",
        },
      },
      "Type": "AWS::EC2::RouteTable",
    },
    "EcsDefaultClusterMnL3mNNYNVpcPrivateSubnet2SubnetE4CEDF73": {
      "Properties": {
        "AvailabilityZone": {
          "Fn::Select": [
            1,
            {
              "Fn::GetAZs": "",
            },
          ],
        },
        "CidrBlock": "10.0.192.0/18",
        "MapPublicIpOnLaunch": false,
        "Tags": [
          {
            "Key": "aws-cdk:subnet-name",
            "Value": "Private",
          },
          {
            "Key": "aws-cdk:subnet-type",
            "Value": "Private",
          },
          {
            "Key": "Name",
            "Value": "Default/EcsDefaultClusterMnL3mNNYN/Vpc/PrivateSubnet2",
          },
        ],
        "VpcId": {
          "Ref": "EcsDefaultClusterMnL3mNNYNVpc7788A521",
        },
      },
      "Type": "AWS::EC2::Subnet",
    },
    "EcsDefaultClusterMnL3mNNYNVpcPublicSubnet1DefaultRouteFF4E2178": {
      "DependsOn": [
        "EcsDefaultClusterMnL3mNNYNVpcVPCGW2447264E",
      ],
      "Properties": {
        "DestinationCidrBlock": "0.0.0.0/0",
        "GatewayId": {
          "Ref": "EcsDefaultClusterMnL3mNNYNVpcIGW9C2C2B8F",
        },
        "RouteTableId": {
          "Ref": "EcsDefaultClusterMnL3mNNYNVpcPublicSubnet1RouteTableA1FD6ACC",
        },
      },
      "Type": "AWS::EC2::Route",
    },
    "EcsDefaultClusterMnL3mNNYNVpcPublicSubnet1EIP8704DB2F": {
      "Properties": {
        "Domain": "vpc",
        "Tags": [
          {
            "Key": "Name",
            "Value": "Default/EcsDefaultClusterMnL3mNNYN/Vpc/PublicSubnet1",
          },
        ],
      },
      "Type": "AWS::EC2::EIP",
    },
    "EcsDefaultClusterMnL3mNNYNVpcPublicSubnet1NATGateway5E3732C1": {
      "DependsOn": [
        "EcsDefaultClusterMnL3mNNYNVpcPublicSubnet1DefaultRouteFF4E2178",
        "EcsDefaultClusterMnL3mNNYNVpcPublicSubnet1RouteTableAssociation8B583A17",
      ],
      "Properties": {
        "AllocationId": {
          "Fn::GetAtt": [
            "EcsDefaultClusterMnL3mNNYNVpcPublicSubnet1EIP8704DB2F",
            "AllocationId",
          ],
        },
        "SubnetId": {
          "Ref": "EcsDefaultClusterMnL3mNNYNVpcPublicSubnet1Subnet3C273B99",
        },
        "Tags": [
          {
            "Key": "Name",
            "Value": "Default/EcsDefaultClusterMnL3mNNYN/Vpc/PublicSubnet1",
          },
        ],
      },
      "Type": "AWS::EC2::NatGateway",
    },
    "EcsDefaultClusterMnL3mNNYNVpcPublicSubnet1RouteTableA1FD6ACC": {
      "Properties": {
        "Tags": [
          {
            "Key": "Name",
            "Value": "Default/EcsDefaultClusterMnL3mNNYN/Vpc/PublicSubnet1",
          },
        ],
        "VpcId": {
          "Ref": "EcsDefaultClusterMnL3mNNYNVpc7788A521",
        },
      },
      "Type": "AWS::EC2::RouteTable",
    },
    "EcsDefaultClusterMnL3mNNYNVpcPublicSubnet1RouteTableAssociation8B583A17": {
      "Properties": {
        "RouteTableId": {
          "Ref": "EcsDefaultClusterMnL3mNNYNVpcPublicSubnet1RouteTableA1FD6ACC",
        },
        "SubnetId": {
          "Ref": "EcsDefaultClusterMnL3mNNYNVpcPublicSubnet1Subnet3C273B99",
        },
      },
      "Type": "AWS::EC2::SubnetRouteTableAssociation",
    },
    "EcsDefaultClusterMnL3mNNYNVpcPublicSubnet1Subnet3C273B99": {
      "Properties": {
        "AvailabilityZone": {
          "Fn::Select": [
            0,
            {
              "Fn::GetAZs": "",
            },
          ],
        },
        "CidrBlock": "10.0.0.0/18",
        "MapPublicIpOnLaunch": true,
        "Tags": [
          {
            "Key": "aws-cdk:subnet-name",
            "Value": "Public",
          },
          {
            "Key": "aws-cdk:subnet-type",
            "Value": "Public",
          },
          {
            "Key": "Name",
            "Value": "Default/EcsDefaultClusterMnL3mNNYN/Vpc/PublicSubnet1",
          },
        ],
        "VpcId": {
          "Ref": "EcsDefaultClusterMnL3mNNYNVpc7788A521",
        },
      },
      "Type": "AWS::EC2::Subnet",
    },
    "EcsDefaultClusterMnL3mNNYNVpcPublicSubnet2DefaultRouteB1375520": {
      "DependsOn": [
        "EcsDefaultClusterMnL3mNNYNVpcVPCGW2447264E",
      ],
      "Properties": {
        "DestinationCidrBlock": "0.0.0.0/0",
        "GatewayId": {
          "Ref": "EcsDefaultClusterMnL3mNNYNVpcIGW9C2C2B8F",
        },
        "RouteTableId": {
          "Ref": "EcsDefaultClusterMnL3mNNYNVpcPublicSubnet2RouteTable263DEAA5",
        },
      },
      "Type": "AWS::EC2::Route",
    },
    "EcsDefaultClusterMnL3mNNYNVpcPublicSubnet2EIPF0764873": {
      "Properties": {
        "Domain": "vpc",
        "Tags": [
          {
            "Key": "Name",
            "Value": "Default/EcsDefaultClusterMnL3mNNYN/Vpc/PublicSubnet2",
          },
        ],
      },
      "Type": "AWS::EC2::EIP",
    },
    "EcsDefaultClusterMnL3mNNYNVpcPublicSubnet2NATGateway4C855E00": {
      "DependsOn": [
        "EcsDefaultClusterMnL3mNNYNVpcPublicSubnet2DefaultRouteB1375520",
        "EcsDefaultClusterMnL3mNNYNVpcPublicSubnet2RouteTableAssociation43E5803C",
      ],
      "Properties": {
        "AllocationId": {
          "Fn::GetAtt": [
            "EcsDefaultClusterMnL3mNNYNVpcPublicSubnet2EIPF0764873",
            "AllocationId",
          ],
        },
        "SubnetId": {
          "Ref": "EcsDefaultClusterMnL3mNNYNVpcPublicSubnet2Subnet95FF715A",
        },
        "Tags": [
          {
            "Key": "Name",
            "Value": "Default/EcsDefaultClusterMnL3mNNYN/Vpc/PublicSubnet2",
          },
        ],
      },
      "Type": "AWS::EC2::NatGateway",
    },
    "EcsDefaultClusterMnL3mNNYNVpcPublicSubnet2RouteTable263DEAA5": {
      "Properties": {
        "Tags": [
          {
            "Key": "Name",
            "Value": "Default/EcsDefaultClusterMnL3mNNYN/Vpc/PublicSubnet2",
          },
        ],
        "VpcId": {
          "Ref": "EcsDefaultClusterMnL3mNNYNVpc7788A521",
        },
      },
      "Type": "AWS::EC2::RouteTable",
    },
    "EcsDefaultClusterMnL3mNNYNVpcPublicSubnet2RouteTableAssociation43E5803C": {
      "Properties": {
        "RouteTableId": {
          "Ref": "EcsDefaultClusterMnL3mNNYNVpcPublicSubnet2RouteTable263DEAA5",
        },
        "SubnetId": {
          "Ref": "EcsDefaultClusterMnL3mNNYNVpcPublicSubnet2Subnet95FF715A",
        },
      },
      "Type": "AWS::EC2::SubnetRouteTableAssociation",
    },
    "EcsDefaultClusterMnL3mNNYNVpcPublicSubnet2Subnet95FF715A": {
      "Properties": {
        "AvailabilityZone": {
          "Fn::Select": [
            1,
            {
              "Fn::GetAZs": "",
            },
          ],
        },
        "CidrBlock": "10.0.64.0/18",
        "MapPublicIpOnLaunch": true,
        "Tags": [
          {
            "Key": "aws-cdk:subnet-name",
            "Value": "Public",
          },
          {
            "Key": "aws-cdk:subnet-type",
            "Value": "Public",
          },
          {
            "Key": "Name",
            "Value": "Default/EcsDefaultClusterMnL3mNNYN/Vpc/PublicSubnet2",
          },
        ],
        "VpcId": {
          "Ref": "EcsDefaultClusterMnL3mNNYNVpc7788A521",
        },
      },
      "Type": "AWS::EC2::Subnet",
    },
    "EcsDefaultClusterMnL3mNNYNVpcVPCGW2447264E": {
      "Properties": {
        "InternetGatewayId": {
          "Ref": "EcsDefaultClusterMnL3mNNYNVpcIGW9C2C2B8F",
        },
        "VpcId": {
          "Ref": "EcsDefaultClusterMnL3mNNYNVpc7788A521",
        },
      },
      "Type": "AWS::EC2::VPCGatewayAttachment",
    },
    "SampleWebAppLogGroupAllRequestCount882B3052": {
      "Properties": {
        "FilterPattern": "[..., agent != "ELB-HealthChecker*", xForwardedFor]",
        "LogGroupName": {
          "Ref": "SampleWebAppLogGroupE703FD9B",
        },
        "MetricTransformations": [
          {
            "DefaultValue": 0,
            "MetricName": "AllRequestCount",
            "MetricNamespace": "WebApp",
            "MetricValue": "1",
            "Unit": "Count",
          },
        ],
      },
      "Type": "AWS::Logs::MetricFilter",
    },
    "SampleWebAppLogGroupCSERequestCountF97801E8": {
      "Properties": {
        "FilterPattern": "[..., status_code = 4*, bytes, referer, agent != "ELB-HealthChecker*", xForwardedFor]",
        "LogGroupName": {
          "Ref": "SampleWebAppLogGroupE703FD9B",
        },
        "MetricTransformations": [
          {
            "DefaultValue": 0,
            "MetricName": "CSERequestCount",
            "MetricNamespace": "WebApp",
            "MetricValue": "1",
            "Unit": "Count",
          },
        ],
      },
      "Type": "AWS::Logs::MetricFilter",
    },
    "SampleWebAppLogGroupE703FD9B": {
      "DeletionPolicy": "Retain",
      "Properties": {
        "RetentionInDays": 731,
      },
      "Type": "AWS::Logs::LogGroup",
      "UpdateReplacePolicy": "Retain",
    },
    "SampleWebAppLogGroupSSERequestCountEBC01FB0": {
      "Properties": {
        "FilterPattern": "[..., status_code = 5*, bytes, referer, agent != "ELB-HealthChecker*", xForwardedFor]",
        "LogGroupName": {
          "Ref": "SampleWebAppLogGroupE703FD9B",
        },
        "MetricTransformations": [
          {
            "DefaultValue": 0,
            "MetricName": "CSERequestCount",
            "MetricNamespace": "WebApp",
            "MetricValue": "1",
            "Unit": "Count",
          },
        ],
      },
      "Type": "AWS::Logs::MetricFilter",
    },
    "SampleWebAppSSERateAlrm9B01A15D": {
      "Properties": {
        "ActionsEnabled": true,
        "AlarmActions": [
          {
            "Ref": "TopicBFC7AF6E",
          },
        ],
        "ComparisonOperator": "GreaterThanOrEqualToThreshold",
        "EvaluationPeriods": 1,
        "Metrics": [
          {
            "Expression": "(sse / (all+0.01)) * 100",
            "Id": "expr_1",
          },
          {
            "Id": "sse",
            "MetricStat": {
              "Metric": {
                "MetricName": "CSERequestCount",
                "Namespace": "WebApp",
              },
              "Period": 60,
              "Stat": "Sum",
              "Unit": "Count",
            },
            "ReturnData": false,
          },
          {
            "Id": "all",
            "MetricStat": {
              "Metric": {
                "MetricName": "AllRequestCount",
                "Namespace": "WebApp",
              },
              "Period": 60,
              "Stat": "Sum",
              "Unit": "Count",
            },
            "ReturnData": false,
          },
        ],
        "Threshold": 10,
        "TreatMissingData": "notBreaching",
      },
      "Type": "AWS::CloudWatch::Alarm",
    },
    "SampleWebAppalbecsLB740FCA61": {
      "DependsOn": [
        "EcsDefaultClusterMnL3mNNYNVpcPublicSubnet1DefaultRouteFF4E2178",
        "EcsDefaultClusterMnL3mNNYNVpcPublicSubnet1RouteTableAssociation8B583A17",
        "EcsDefaultClusterMnL3mNNYNVpcPublicSubnet2DefaultRouteB1375520",
        "EcsDefaultClusterMnL3mNNYNVpcPublicSubnet2RouteTableAssociation43E5803C",
      ],
      "Properties": {
        "LoadBalancerAttributes": [
          {
            "Key": "deletion_protection.enabled",
            "Value": "false",
          },
        ],
        "Scheme": "internet-facing",
        "SecurityGroups": [
          {
            "Fn::GetAtt": [
              "SampleWebAppalbecsLBSecurityGroupC9EEE258",
              "GroupId",
            ],
          },
        ],
        "Subnets": [
          {
            "Ref": "EcsDefaultClusterMnL3mNNYNVpcPublicSubnet1Subnet3C273B99",
          },
          {
            "Ref": "EcsDefaultClusterMnL3mNNYNVpcPublicSubnet2Subnet95FF715A",
          },
        ],
        "Type": "application",
      },
      "Type": "AWS::ElasticLoadBalancingV2::LoadBalancer",
    },
    "SampleWebAppalbecsLBPublicListenerECSGroup0813D7AA": {
      "Properties": {
        "Port": 80,
        "Protocol": "HTTP",
        "TargetGroupAttributes": [
          {
            "Key": "stickiness.enabled",
            "Value": "false",
          },
        ],
        "TargetType": "ip",
        "VpcId": {
          "Ref": "EcsDefaultClusterMnL3mNNYNVpc7788A521",
        },
      },
      "Type": "AWS::ElasticLoadBalancingV2::TargetGroup",
    },
    "SampleWebAppalbecsLBPublicListenerEEDADF80": {
      "Properties": {
        "DefaultActions": [
          {
            "TargetGroupArn": {
              "Ref": "SampleWebAppalbecsLBPublicListenerECSGroup0813D7AA",
            },
            "Type": "forward",
          },
        ],
        "LoadBalancerArn": {
          "Ref": "SampleWebAppalbecsLB740FCA61",
        },
        "Port": 80,
        "Protocol": "HTTP",
      },
      "Type": "AWS::ElasticLoadBalancingV2::Listener",
    },
    "SampleWebAppalbecsLBSecurityGroupC9EEE258": {
      "Properties": {
        "GroupDescription": "Automatically created Security Group for ELB SampleWebAppalbecsLB65D08AFA",
        "SecurityGroupIngress": [
          {
            "CidrIp": "0.0.0.0/0",
            "Description": "Allow from anyone on port 80",
            "FromPort": 80,
            "IpProtocol": "tcp",
            "ToPort": 80,
          },
        ],
        "VpcId": {
          "Ref": "EcsDefaultClusterMnL3mNNYNVpc7788A521",
        },
      },
      "Type": "AWS::EC2::SecurityGroup",
    },
    "SampleWebAppalbecsLBSecurityGrouptoSampleWebAppalbecsServiceSecurityGroup29C7508480110967B5": {
      "Properties": {
        "Description": "Load balancer to target",
        "DestinationSecurityGroupId": {
          "Fn::GetAtt": [
            "SampleWebAppalbecsServiceSecurityGroup737A2DF5",
            "GroupId",
          ],
        },
        "FromPort": 80,
        "GroupId": {
          "Fn::GetAtt": [
            "SampleWebAppalbecsLBSecurityGroupC9EEE258",
            "GroupId",
          ],
        },
        "IpProtocol": "tcp",
        "ToPort": 80,
      },
      "Type": "AWS::EC2::SecurityGroupEgress",
    },
    "SampleWebAppalbecsServiceFF38AC5C": {
      "DependsOn": [
        "SampleWebAppalbecsLBPublicListenerECSGroup0813D7AA",
        "SampleWebAppalbecsLBPublicListenerEEDADF80",
        "SampleWebAppalbecsTaskDefTaskRole1E0EA5AC",
      ],
      "Properties": {
        "Cluster": {
          "Ref": "EcsDefaultClusterMnL3mNNYN926A5246",
        },
        "DeploymentConfiguration": {
          "Alarms": {
            "AlarmNames": [],
            "Enable": false,
            "Rollback": false,
          },
          "MaximumPercent": 200,
          "MinimumHealthyPercent": 50,
        },
        "DesiredCount": 2,
        "EnableECSManagedTags": false,
        "HealthCheckGracePeriodSeconds": 60,
        "LaunchType": "FARGATE",
        "LoadBalancers": [
          {
            "ContainerName": "webapp",
            "ContainerPort": 80,
            "TargetGroupArn": {
              "Ref": "SampleWebAppalbecsLBPublicListenerECSGroup0813D7AA",
            },
          },
        ],
        "NetworkConfiguration": {
          "AwsvpcConfiguration": {
            "AssignPublicIp": "DISABLED",
            "SecurityGroups": [
              {
                "Fn::GetAtt": [
                  "SampleWebAppalbecsServiceSecurityGroup737A2DF5",
                  "GroupId",
                ],
              },
            ],
            "Subnets": [
              {
                "Ref": "EcsDefaultClusterMnL3mNNYNVpcPrivateSubnet1Subnet075EFF4C",
              },
              {
                "Ref": "EcsDefaultClusterMnL3mNNYNVpcPrivateSubnet2SubnetE4CEDF73",
              },
            ],
          },
        },
        "TaskDefinition": {
          "Ref": "SampleWebAppalbecsTaskDef328DD41B",
        },
      },
      "Type": "AWS::ECS::Service",
    },
    "SampleWebAppalbecsServiceSecurityGroup737A2DF5": {
      "DependsOn": [
        "SampleWebAppalbecsTaskDefTaskRole1E0EA5AC",
      ],
      "Properties": {
        "GroupDescription": "Default/SampleWebApp/albecs/Service/SecurityGroup",
        "SecurityGroupEgress": [
          {
            "CidrIp": "0.0.0.0/0",
            "Description": "Allow all outbound traffic by default",
            "IpProtocol": "-1",
          },
        ],
        "VpcId": {
          "Ref": "EcsDefaultClusterMnL3mNNYNVpc7788A521",
        },
      },
      "Type": "AWS::EC2::SecurityGroup",
    },
    "SampleWebAppalbecsServiceSecurityGroupfromSampleWebAppalbecsLBSecurityGroupAA6E305880BC63EA38": {
      "DependsOn": [
        "SampleWebAppalbecsTaskDefTaskRole1E0EA5AC",
      ],
      "Properties": {
        "Description": "Load balancer to target",
        "FromPort": 80,
        "GroupId": {
          "Fn::GetAtt": [
            "SampleWebAppalbecsServiceSecurityGroup737A2DF5",
            "GroupId",
          ],
        },
        "IpProtocol": "tcp",
        "SourceSecurityGroupId": {
          "Fn::GetAtt": [
            "SampleWebAppalbecsLBSecurityGroupC9EEE258",
            "GroupId",
          ],
        },
        "ToPort": 80,
      },
      "Type": "AWS::EC2::SecurityGroupIngress",
    },
    "SampleWebAppalbecsTaskDef328DD41B": {
      "Properties": {
        "ContainerDefinitions": [
          {
            "Essential": true,
            "Image": {
              "Fn::Join": [
                "",
                [
                  {
                    "Ref": "AWS::AccountId",
                  },
                  ".dkr.ecr.",
                  {
                    "Ref": "AWS::Region",
                  },
                  ".",
                  {
                    "Ref": "AWS::URLSuffix",
                  },
                  "/test-image:latest",
                ],
              ],
            },
            "LogConfiguration": {
              "LogDriver": "awslogs",
              "Options": {
                "awslogs-group": {
                  "Ref": "SampleWebAppLogGroupE703FD9B",
                },
                "awslogs-region": {
                  "Ref": "AWS::Region",
                },
                "awslogs-stream-prefix": "webapp",
              },
            },
            "Name": "webapp",
            "PortMappings": [
              {
                "ContainerPort": 80,
                "Protocol": "tcp",
              },
            ],
          },
        ],
        "Cpu": "256",
        "ExecutionRoleArn": {
          "Fn::GetAtt": [
            "SampleWebAppalbecsTaskDefExecutionRoleD10F5532",
            "Arn",
          ],
        },
        "Family": "SampleWebAppalbecsTaskDefD74AD9EC",
        "Memory": "512",
        "NetworkMode": "awsvpc",
        "RequiresCompatibilities": [
          "FARGATE",
        ],
        "TaskRoleArn": {
          "Fn::GetAtt": [
            "SampleWebAppalbecsTaskDefTaskRole1E0EA5AC",
            "Arn",
          ],
        },
      },
      "Type": "AWS::ECS::TaskDefinition",
    },
    "SampleWebAppalbecsTaskDefExecutionRoleD10F5532": {
      "Properties": {
        "AssumeRolePolicyDocument": {
          "Statement": [
            {
              "Action": "sts:AssumeRole",
              "Effect": "Allow",
              "Principal": {
                "Service": "ecs-tasks.amazonaws.com",
              },
            },
          ],
          "Version": "2012-10-17",
        },
      },
      "Type": "AWS::IAM::Role",
    },
    "SampleWebAppalbecsTaskDefExecutionRoleDefaultPolicyAEB7EDC3": {
      "Properties": {
        "PolicyDocument": {
          "Statement": [
            {
              "Action": [
                "ecr:BatchCheckLayerAvailability",
                "ecr:GetDownloadUrlForLayer",
                "ecr:BatchGetImage",
              ],
              "Effect": "Allow",
              "Resource": {
                "Fn::Join": [
                  "",
                  [
                    "arn:",
                    {
                      "Ref": "AWS::Partition",
                    },
                    ":ecr:",
                    {
                      "Ref": "AWS::Region",
                    },
                    ":",
                    {
                      "Ref": "AWS::AccountId",
                    },
                    ":repository/test-image",
                  ],
                ],
              },
            },
            {
              "Action": "ecr:GetAuthorizationToken",
              "Effect": "Allow",
              "Resource": "*",
            },
            {
              "Action": [
                "logs:CreateLogStream",
                "logs:PutLogEvents",
              ],
              "Effect": "Allow",
              "Resource": {
                "Fn::GetAtt": [
                  "SampleWebAppLogGroupE703FD9B",
                  "Arn",
                ],
              },
            },
          ],
          "Version": "2012-10-17",
        },
        "PolicyName": "SampleWebAppalbecsTaskDefExecutionRoleDefaultPolicyAEB7EDC3",
        "Roles": [
          {
            "Ref": "SampleWebAppalbecsTaskDefExecutionRoleD10F5532",
          },
        ],
      },
      "Type": "AWS::IAM::Policy",
    },
    "SampleWebAppalbecsTaskDefTaskRole1E0EA5AC": {
      "Properties": {
        "AssumeRolePolicyDocument": {
          "Statement": [
            {
              "Action": "sts:AssumeRole",
              "Effect": "Allow",
              "Principal": {
                "Service": "ecs-tasks.amazonaws.com",
              },
            },
          ],
          "Version": "2012-10-17",
        },
      },
      "Type": "AWS::IAM::Role",
    },
    "SampleWebAppcseRateAlrm271F93EE": {
      "Properties": {
        "ActionsEnabled": true,
        "AlarmActions": [
          {
            "Ref": "TopicBFC7AF6E",
          },
        ],
        "ComparisonOperator": "GreaterThanOrEqualToThreshold",
        "EvaluationPeriods": 1,
        "Metrics": [
          {
            "Expression": "(cse / (all+0.01)) * 100",
            "Id": "expr_1",
          },
          {
            "Id": "cse",
            "MetricStat": {
              "Metric": {
                "MetricName": "CSERequestCount",
                "Namespace": "WebApp",
              },
              "Period": 600,
              "Stat": "Sum",
              "Unit": "Count",
            },
            "ReturnData": false,
          },
          {
            "Id": "all",
            "MetricStat": {
              "Metric": {
                "MetricName": "AllRequestCount",
                "Namespace": "WebApp",
              },
              "Period": 600,
              "Stat": "Sum",
              "Unit": "Count",
            },
            "ReturnData": false,
          },
        ],
        "Threshold": 25,
        "TreatMissingData": "notBreaching",
      },
      "Type": "AWS::CloudWatch::Alarm",
    },
    "TopicBFC7AF6E": {
      "Type": "AWS::SNS::Topic",
    },
  },
  "Rules": {
    "CheckBootstrapVersion": {
      "Assertions": [
        {
          "Assert": {
            "Fn::Not": [
              {
                "Fn::Contains": [
                  [
                    "1",
                    "2",
                    "3",
                    "4",
                    "5",
                  ],
                  {
                    "Ref": "BootstrapVersion",
                  },
                ],
              },
            ],
          },
          "AssertDescription": "CDK bootstrap stack version 6 required. Please run 'cdk bootstrap' with a recent version of the CDK CLI.",
        },
      ],
    },
  },
}
`;
